[INFO] Scanning for projects...
[INFO] ------------------------------------------------------------------------
[INFO] Detecting the operating system and CPU architecture
[INFO] ------------------------------------------------------------------------
[INFO] os.detected.name: windows
[INFO] os.detected.arch: x86_64
[INFO] os.detected.bitness: 64
[INFO] os.detected.version: 10.0
[INFO] os.detected.version.major: 10
[INFO] os.detected.version.minor: 0
[INFO] os.detected.classifier: windows-x86_64
[INFO] ------------------------------------------------------------------------
[INFO] Reactor Build Order:
[INFO] 
[INFO] HF-ATS-Parent                                                      [pom]
[INFO] ATS-Core                                                           [jar]
[INFO] ATS-Dashboard                                                      [jar]
[INFO] 
[INFO] --------------------< com.trading.hf:hf-ats-parent >--------------------
[INFO] Building HF-ATS-Parent 1.0-SNAPSHOT                                [1/3]
[INFO]   from pom.xml
[INFO] --------------------------------[ pom ]---------------------------------
[INFO] 
[INFO] ----------------------< com.trading.hf:ats-core >-----------------------
[INFO] Building ATS-Core 1.0-SNAPSHOT                                     [2/3]
[INFO]   from ats-core\pom.xml
[INFO] --------------------------------[ jar ]---------------------------------
[INFO] 
[INFO] --- protobuf:0.6.1:compile (default) @ ats-core ---
[INFO] Compiling 1 proto file(s) to D:\Java_CompleteProject\Java_CompleteSystem\ats-core\target\generated-sources\protobuf\java
[INFO] 
[INFO] --- protobuf:0.6.1:compile-custom (default) @ ats-core ---
[INFO] Compiling 1 proto file(s) to D:\Java_CompleteProject\Java_CompleteSystem\ats-core\target\generated-sources\protobuf\grpc-java
[INFO] 
[INFO] --- resources:3.3.1:resources (default-resources) @ ats-core ---
[INFO] Copying 5 resources from src\main\resources to target\classes
[INFO] Copying 1 resource from src\main\proto to target\classes
[INFO] Copying 1 resource from src\main\proto to target\classes
[INFO] 
[INFO] --- compiler:3.11.0:compile (default-compile) @ ats-core ---
[INFO] Changes detected - recompiling the module! :source
[INFO] Compiling 45 source files with javac [debug target 21] to target\classes
[WARNING] location of system modules is not set in conjunction with -source 21
  not setting the location of system modules may lead to class files that cannot run on JDK 21
    --release 21 is recommended instead of -source 21 -target 21 because it sets the location of system modules automatically
[INFO] /D:/Java_CompleteProject/Java_CompleteSystem/ats-core/src/main/java/com/trading/hf/AutoInstrumentManager.java: D:\Java_CompleteProject\Java_CompleteSystem\ats-core\src\main\java\com\trading\hf\AutoInstrumentManager.java uses unchecked or unsafe operations.
[INFO] /D:/Java_CompleteProject/Java_CompleteSystem/ats-core/src/main/java/com/trading/hf/AutoInstrumentManager.java: Recompile with -Xlint:unchecked for details.
[INFO] 
[INFO] --------------------< com.trading.hf:ats-dashboard >--------------------
[INFO] Building ATS-Dashboard 1.0-SNAPSHOT                                [3/3]
[INFO]   from ats-dashboard\pom.xml
[INFO] --------------------------------[ jar ]---------------------------------
[INFO] 
[INFO] --- resources:3.3.1:resources (default-resources) @ ats-dashboard ---
[INFO] Copying 3 resources from src\main\resources to target\classes
[INFO] 
[INFO] --- compiler:3.11.0:compile (default-compile) @ ats-dashboard ---
[INFO] Changes detected - recompiling the module! :dependency
[INFO] Compiling 6 source files with javac [debug target 21] to target\classes
[INFO] /D:/Java_CompleteProject/Java_CompleteSystem/ats-dashboard/src/main/java/com/trading/hf/Main.java: D:\Java_CompleteProject\Java_CompleteSystem\ats-dashboard\src\main\java\com\trading\hf\Main.java uses unchecked or unsafe operations.
[INFO] /D:/Java_CompleteProject/Java_CompleteSystem/ats-dashboard/src/main/java/com/trading/hf/Main.java: Recompile with -Xlint:unchecked for details.
[INFO] -------------------------------------------------------------
[WARNING] COMPILATION WARNING : 
[INFO] -------------------------------------------------------------
[WARNING] location of system modules is not set in conjunction with -source 21
  not setting the location of system modules may lead to class files that cannot run on JDK 21
    --release 21 is recommended instead of -source 21 -target 21 because it sets the location of system modules automatically
[INFO] 1 warning
[INFO] -------------------------------------------------------------
[INFO] -------------------------------------------------------------
[ERROR] COMPILATION ERROR : 
[INFO] -------------------------------------------------------------
[ERROR] /D:/Java_CompleteProject/Java_CompleteSystem/ats-dashboard/src/main/java/com/trading/hf/dashboard/DashboardBridge.java:[272,13] cannot find symbol
  symbol:   variable logger
  location: class com.trading.hf.dashboard.DashboardBridge
[ERROR] /D:/Java_CompleteProject/Java_CompleteSystem/ats-dashboard/src/main/java/com/trading/hf/dashboard/DashboardBridge.java:[290,13] cannot find symbol
  symbol:   variable logger
  location: class com.trading.hf.dashboard.DashboardBridge
[INFO] 2 errors 
[INFO] -------------------------------------------------------------
[INFO] ------------------------------------------------------------------------
[INFO] Reactor Summary for HF-ATS-Parent 1.0-SNAPSHOT:
[INFO] 
[INFO] HF-ATS-Parent ...................................... SUCCESS [  0.035 s]
[INFO] ATS-Core ........................................... SUCCESS [01:04 min]
[INFO] ATS-Dashboard ...................................... FAILURE [ 10.554 s]
[INFO] ------------------------------------------------------------------------
[INFO] BUILD FAILURE
[INFO] ------------------------------------------------------------------------
[INFO] Total time:  01:21 min
[INFO] Finished at: 2025-12-25T22:57:10+05:30
[INFO] ------------------------------------------------------------------------
[ERROR] Failed to execute goal org.apache.maven.plugins:maven-compiler-plugin:3.11.0:compile (default-compile) on project ats-dashboard: Compilation failure: Compilation failure: 
[ERROR] /D:/Java_CompleteProject/Java_CompleteSystem/ats-dashboard/src/main/java/com/trading/hf/dashboard/DashboardBridge.java:[272,13] cannot find symbol
[ERROR]   symbol:   variable logger
[ERROR]   location: class com.trading.hf.dashboard.DashboardBridge
[ERROR] /D:/Java_CompleteProject/Java_CompleteSystem/ats-dashboard/src/main/java/com/trading/hf/dashboard/DashboardBridge.java:[290,13] cannot find symbol
[ERROR]   symbol:   variable logger
[ERROR]   location: class com.trading.hf.dashboard.DashboardBridge
[ERROR] -> [Help 1]
[ERROR] 
[ERROR] To see the full stack trace of the errors, re-run Maven with the -e switch.
[ERROR] Re-run Maven using the -X switch to enable full debug logging.
[ERROR] 
[ERROR] For more information about the errors and possible solutions, please read the following articles:
[ERROR] [Help 1] http://cwiki.apache.org/confluence/display/MAVEN/MojoFailureException
[ERROR] 
[ERROR] After correcting the problems, you can resume the build with the command
[ERROR]   mvn <args> -rf :ats-dashboard
